$ vitest run --coverage

 RUN  v3.2.7 /Users/andytran/Coding/Little Boy's/acsidan/archsync-guardian
      Coverage enabled with v8

 ✓ src/phase3-adversarial.test.ts (18 tests) 6563ms
   ✓ incremental validity against full scans > matches a fresh full scan after add, with cold and warm caches  320ms
   ✓ incremental validity against full scans > matches a fresh full scan after modify, with cold and warm caches  358ms
   ✓ incremental validity against full scans > matches a fresh full scan after delete, with cold and warm caches  417ms
   ✓ incremental validity against full scans > matches a fresh full scan after rename-within, with cold and warm caches  525ms
   ✓ incremental validity against full scans > matches a fresh full scan after rename-across, with cold and warm caches  399ms
   ✓ incremental validity against full scans > matches a fresh full scan after delete-component, with cold and warm caches  375ms
   ✓ incremental validity against full scans > publishes concurrent cold cache writes without temporary-file collisions  455ms
   ✓ incremental validity against full scans > invalidates the baseline when architecture rules change  424ms
   ✓ incremental validity against full scans > detects a tracked violation with literal filename "café.ts"  464ms
   ✓ incremental validity against full scans > detects a tracked violation with literal filename "line\nfile.ts"  349ms
   ✓ incremental validity against full scans > isolates baseline caches between subprojects sharing the same Git commit and model  436ms
   ✓ incremental validity against full scans > rebuilds a valid-JSON cache whose observed graph is corrupted  689ms
 ✓ src/phase3.test.ts (12 tests) 3644ms
   ✓ Phase 3 Git diff architecture gate > passes an internal source change and reuses the baseline cache  438ms
   ✓ Phase 3 Git diff architecture gate > passes a documentation-only diff without parsing a source component  320ms
   ✓ Phase 3 Git diff architecture gate > rebuilds a corrupt custom baseline cache safely  460ms
   ✓ Phase 3 Git diff architecture gate > tracks a same-component TypeScript rename  319ms
   ✓ Phase 3 Git diff architecture gate > compares a committed feature branch with its merge base  556ms
 ✓ src/benchmark.test.ts (12 tests) 702ms
 ✓ src/repair-verification.test.ts (81 tests) 700ms
 ✓ src/analyzer.test.ts (12 tests) 138ms
 ✓ src/version.test.ts (6 tests) 326ms
 ✓ src/phase4-integration.test.ts (2 tests) 266ms
 ✓ src/model-cli.test.ts (7 tests) 231ms
 ✓ src/compatibility.test.ts (8 tests) 245ms
 ✓ src/guardian.test.ts (9 tests) 191ms
 ✓ src/analyzer-adversarial.test.ts (18 tests) 108ms
 ✓ src/iac-kubernetes.test.ts (6 tests) 32ms
 ✓ src/iac-security.test.ts (3 tests) 14ms
 ✓ src/iac-normalize.test.ts (5 tests) 16ms
 ✓ src/reasoner/provider.test.ts (18 tests) 30ms
 ✓ src/iac.test.ts (1 test) 34ms
 ✓ src/reasoner/handoff.test.ts (6 tests) 14ms
 ✓ src/iac-terraform.test.ts (5 tests) 18ms
 ✓ src/doctor.test.ts (8 tests) 19ms
 ✓ src/runtime/collector.test.ts (5 tests) 22ms
 ✓ src/runtime/graph.test.ts (3 tests) 15ms
 ✓ src/reasoner/explain.test.ts (4 tests) 16ms
 ✓ src/evolution/scorecard.test.ts (3 tests) 14ms
 ✓ src/reasoner/prompt.test.ts (1 test) 9ms
 ✓ src/reasoner/taxonomy.test.ts (9 tests) 6ms
 ✓ src/iac-governance.test.ts (3 tests) 7ms
 ✓ src/reasoner/contracts.test.ts (6 tests) 5ms
 ✓ src/phase3-git.test.ts (7 tests) 4ms
 ✓ src/reasoner/redaction.test.ts (3 tests) 4ms
 ✓ src/evolution/approval.test.ts (5 tests) 4ms
 ✓ src/privacy.test.ts (2 tests) 4ms
 ✓ src/reasoner/citations.test.ts (2 tests) 2ms

 Test Files  32 passed (32)
      Tests  290 passed (290)
   Start at  12:54:05
   Duration  24.47s (transform 450ms, setup 0ms, collect 3.94s, tests 13.40s, environment 5ms, prepare 2.10s)

 % Coverage report from v8
-------------------|---------|----------|---------|---------|-------------------
File               | % Stmts | % Branch | % Funcs | % Lines | Uncovered Line #s 
-------------------|---------|----------|---------|---------|-------------------
All files          |     100 |      100 |     100 |     100 |                   
 src               |     100 |      100 |     100 |     100 |                   
  analyzer.ts      |     100 |      100 |     100 |     100 |                   
  benchmark.ts     |     100 |      100 |     100 |     100 |                   
  compatibility.ts |     100 |      100 |     100 |     100 |                   
  contracts.ts     |     100 |      100 |     100 |     100 |                   
  doctor.ts        |     100 |      100 |     100 |     100 |                   
  guardian.ts      |     100 |      100 |     100 |     100 |                   
  iac-contracts.ts |     100 |      100 |     100 |     100 |                   
  ...kubernetes.ts |     100 |      100 |     100 |     100 |                   
  iac-normalize.ts |     100 |      100 |     100 |     100 |                   
  iac-security.ts  |     100 |      100 |     100 |     100 |                   
  iac-terraform.ts |     100 |      100 |     100 |     100 |                   
  iac.ts           |     100 |      100 |     100 |     100 |                   
  model-cli.ts     |     100 |      100 |     100 |     100 |                   
  phase3-git.ts    |     100 |      100 |     100 |     100 |                   
  phase3.ts        |     100 |      100 |     100 |     100 |                   
  privacy.ts       |     100 |      100 |     100 |     100 |                   
  ...-isolation.ts |     100 |      100 |     100 |     100 |                   
  ...rification.ts |     100 |      100 |     100 |     100 |                   
  version.ts       |     100 |      100 |     100 |     100 |                   
 src/evolution     |     100 |      100 |     100 |     100 |                   
  approval.ts      |     100 |      100 |     100 |     100 |                   
  scorecard.ts     |     100 |      100 |     100 |     100 |                   
 src/reasoner      |     100 |      100 |     100 |     100 |                   
  citations.ts     |     100 |      100 |     100 |     100 |                   
  contracts.ts     |     100 |      100 |     100 |     100 |                   
  explain.ts       |     100 |      100 |     100 |     100 |                   
  handoff.ts       |     100 |      100 |     100 |     100 |                   
  prompt.ts        |     100 |      100 |     100 |     100 |                   
  provider.ts      |     100 |      100 |     100 |     100 |                   
  redaction.ts     |     100 |      100 |     100 |     100 |                   
  taxonomy.ts      |     100 |      100 |     100 |     100 |                   
 src/runtime       |     100 |      100 |     100 |     100 |                   
  canonical.ts     |     100 |      100 |     100 |     100 |                   
  collector.ts     |     100 |      100 |     100 |     100 |                   
  contracts.ts     |     100 |      100 |     100 |     100 |                   
  graph.ts         |     100 |      100 |     100 |     100 |                   
-------------------|---------|----------|---------|---------|-------------------
